src/app/halls/[id]/page.tsx(44,27): error TS2307: Cannot find module '@/components/SimilarVenues' or its corresponding type declarations.
src/app/halls/[id]/page.tsx(46,25): error TS2307: Cannot find module '@/components/BookingForm' or its corresponding type declarations.
src/app/halls/[id]/page.tsx(47,27): error TS2307: Cannot find module '@/components/CostEstimator' or its corresponding type declarations.
src/app/halls/[id]/page.tsx(48,29): error TS2307: Cannot find module '@/lib/imageUtils' or its corresponding type declarations.
